---
source: trading_data/tests/facade_surface.rs
expression: "exports().iter().map(|(c, n)|\nformat!(\"{c}::{n}\")).collect::<Vec<_>>().join(\"\\n\")"
---
trading_data_core::Asset
trading_data_core::ExchangeName
trading_data_core::Instrument
trading_data_core::Pair
trading_data_core::RelayCols
trading_data_core::Symbol
trading_data_dag::Armed
trading_data_dag::Awake
trading_data_dag::Batch
trading_data_dag::Blind
trading_data_dag::Buffering
trading_data_dag::Bump
trading_data_dag::Carried
trading_data_dag::Cell
trading_data_dag::Close
trading_data_dag::Closes
trading_data_dag::Decides
trading_data_dag::DepOuts
trading_data_dag::Elems
trading_data_dag::Env
trading_data_dag::Episode
trading_data_dag::Episodic
trading_data_dag::Fidelity
trading_data_dag::Fire
trading_data_dag::Flat
trading_data_dag::Fold
trading_data_dag::Folding
trading_data_dag::Folds
trading_data_dag::Gate
trading_data_dag::Gating
trading_data_dag::Glance
trading_data_dag::Guide
trading_data_dag::Hist
trading_data_dag::Horizon
trading_data_dag::Ink
trading_data_dag::Item
trading_data_dag::Lagged
trading_data_dag::Latch
trading_data_dag::Level
trading_data_dag::Nudge
trading_data_dag::Observer
trading_data_dag::Over
trading_data_dag::Pending
trading_data_dag::Plot
trading_data_dag::Predicate
trading_data_dag::Present
trading_data_dag::ProbabilisticDistribution
trading_data_dag::Reach
trading_data_dag::Reading
trading_data_dag::Rewound
trading_data_dag::Roots
trading_data_dag::Rows
trading_data_dag::Run
trading_data_dag::Runs
trading_data_dag::Sampling
trading_data_dag::Scan
trading_data_dag::Scans
trading_data_dag::Series
trading_data_dag::Stamped
trading_data_dag::Symbolic
trading_data_dag::Tag
trading_data_dag::TriggerOut
trading_data_dag::Unbounded
trading_data_dag::Unflat
trading_data_dag::Want
trading_data_dag::Wired
trading_data_dag::Witness
trading_data_dag::__dag
trading_data_dag::always_present
trading_data_dag::graph
trading_data_dag::node
trading_data_dag::node_alias
trading_data_dag::slice_nudge
trading_data_dag::value_nudge
trading_data_derivatives::AvgGain
trading_data_derivatives::AvgLoss
trading_data_derivatives::Bar
trading_data_derivatives::Bars
trading_data_derivatives::Ohlc
trading_data_derivatives::Ohlcs
trading_data_derivatives::Rsi
trading_data_derivatives::RsiDelta
trading_data_derivatives::RsiSpec
trading_data_derivatives::RsiValues
trading_data_derivatives::Volume
trading_data_derivatives::Volumes
trading_data_derivatives::__td_node_AvgGain
trading_data_derivatives::__td_node_AvgLoss
trading_data_derivatives::__td_node_Bars
trading_data_derivatives::__td_node_Ohlcs
trading_data_derivatives::__td_node_Rsi
trading_data_derivatives::__td_node_RsiDelta
trading_data_derivatives::__td_node_Volumes
trading_data_derivatives::closed_by
trading_data_derivatives::rsi
trading_data_derivatives::wilder
trading_data_expr::Ex
trading_data_expr::Expr
trading_data_expr::Slots
trading_data_expr::Vars
trading_data_expr::abs
trading_data_expr::absent
trading_data_expr::constant
trading_data_expr::exp
trading_data_expr::gt
trading_data_expr::lt
trading_data_expr::max
trading_data_expr::min
trading_data_expr::or
trading_data_expr::powi_of
trading_data_expr::present
trading_data_expr::select
trading_data_expr::sqrt
trading_data_expr::square
trading_data_expr::sum
trading_data_persistence::Aggregate
trading_data_persistence::Arrival
trading_data_persistence::BatchTrades
trading_data_persistence::Book
trading_data_persistence::BookAnchors
trading_data_persistence::BookChunk
trading_data_persistence::BookDelta
trading_data_persistence::BookDeltas
trading_data_persistence::BookShape
trading_data_persistence::BookUpdate
trading_data_persistence::Catalog
trading_data_persistence::CatalogError
trading_data_persistence::Clock
trading_data_persistence::Direction
trading_data_persistence::Exact
trading_data_persistence::Feather
trading_data_persistence::Feed
trading_data_persistence::FrameKind
trading_data_persistence::InnerTrade
trading_data_persistence::LaneKind
trading_data_persistence::LaneReader
trading_data_persistence::Lanes
trading_data_persistence::LatencyConfig
trading_data_persistence::Live
trading_data_persistence::LiveClock
trading_data_persistence::Local
trading_data_persistence::Mc
trading_data_persistence::McRoot
trading_data_persistence::Oi
trading_data_persistence::OiRoot
trading_data_persistence::Past
trading_data_persistence::Precision
trading_data_persistence::PrecisionPriceQty
trading_data_persistence::ReadClock
trading_data_persistence::Replay
trading_data_persistence::RotationPolicy
trading_data_persistence::Row
trading_data_persistence::ShadowBook
trading_data_persistence::Side
trading_data_persistence::Sink
trading_data_persistence::Span
trading_data_persistence::Step
trading_data_persistence::Trade
trading_data_persistence::TradeBuf
trading_data_persistence::TradeCols
trading_data_persistence::Trades
trading_data_persistence::Ts
trading_data_persistence::UnixNanos
trading_data_persistence::Usd
trading_data_persistence::Venue
trading_data_persistence::__td_node_Book
trading_data_persistence::read_mc
trading_data_persistence::read_oi
trading_data_persistence::read_trades
v_utils::Timeframe
v_utils::TimeframeDesignator
